188.166.23.123 - - [28/Aug/2022:07:40:18 +0000] "POST /boaform/admin/formLogin HTTP/1.1" 404 153 "http://164.52.223.253:80/admin/login.asp" "Mozilla/5.0 (X11; Ubuntu; Linux x86_64; rv:71.0) Gecko/20100101 Firefox/71.0"
188.166.23.123 - - [28/Aug/2022:07:40:18 +0000] "" 400 0 "-" "-"
49.36.204.18 - - [28/Aug/2022:07:40:34 +0000] "GET / HTTP/1.1" 200 13 "-" "Mozilla/5.0 (Windows NT 10.0; Win64; x64) AppleWebKit/537.36 (KHTML, like Gecko) Chrome/104.0.0.0 Safari/537.36"
49.36.204.18 - - [28/Aug/2022:07:40:34 +0000] "GET /favicon.ico HTTP/1.1" 404 555 "http://ebdevbackend.evervent.in/" "Mozilla/5.0 (Windows NT 10.0; Win64; x64) AppleWebKit/537.36 (KHTML, like Gecko) Chrome/104.0.0.0 Safari/537.36"
141.98.6.37 - - [28/Aug/2022:07:52:53 +0000] "POST /boaform/admin/formLogin HTTP/1.1" 404 153 "http://164.52.223.253:80/admin/login.asp" "Mozilla/5.0 (X11; Ubuntu; Linux x86_64; rv:71.0) Gecko/20100101 Firefox/71.0"
141.98.6.37 - - [28/Aug/2022:07:52:53 +0000] "" 400 0 "-" "-"
49.36.204.18 - - [28/Aug/2022:07:54:15 +0000] "GET / HTTP/1.1" 304 0 "-" "Mozilla/5.0 (Windows NT 10.0; Win64; x64) AppleWebKit/537.36 (KHTML, like Gecko) Chrome/104.0.0.0 Safari/537.36"
45.61.186.139 - - [28/Aug/2022:07:54:36 +0000] "GET / HTTP/1.1" 200 13 "-" "Mozilla/5.0 (X11; Ubuntu; Linux x86_64; rv:97.0) Gecko/20100101 Firefox/97.0"
49.36.204.18 - - [28/Aug/2022:09:47:34 +0000] "GET / HTTP/1.1" 304 0 "-" "Mozilla/5.0 (Windows NT 10.0; Win64; x64) AppleWebKit/537.36 (KHTML, like Gecko) Chrome/104.0.0.0 Safari/537.36"
49.36.204.18 - - [28/Aug/2022:09:47:41 +0000] "GET / HTTP/1.1" 304 0 "-" "Mozilla/5.0 (Windows NT 10.0; Win64; x64) AppleWebKit/537.36 (KHTML, like Gecko) Chrome/104.0.0.0 Safari/537.36"
49.36.204.18 - - [28/Aug/2022:09:47:41 +0000] "GET / HTTP/1.1" 304 0 "-" "Mozilla/5.0 (Windows NT 10.0; Win64; x64) AppleWebKit/537.36 (KHTML, like Gecko) Chrome/104.0.0.0 Safari/537.36"
164.92.205.19 - - [28/Aug/2022:09:49:10 +0000] "POST /boaform/admin/formLogin HTTP/1.1" 404 153 "http://164.52.223.253:80/admin/login.asp" "Mozilla/5.0 (X11; Ubuntu; Linux x86_64; rv:71.0) Gecko/20100101 Firefox/71.0"
164.92.205.19 - - [28/Aug/2022:09:49:10 +0000] "" 400 0 "-" "-"
45.61.186.139 - - [28/Aug/2022:09:52:04 +0000] "GET / HTTP/1.1" 200 13 "-" "Mozilla/5.0 (X11; Ubuntu; Linux x86_64; rv:97.0) Gecko/20100101 Firefox/97.0"
141.98.6.37 - - [28/Aug/2022:09:52:08 +0000] "GET / HTTP/1.1" 200 13 "-" "Mozilla/5.0 (X11; Ubuntu; Linux x86_64; rv:76.0) Gecko/20100101 Firefox/76.0"
45.61.186.139 - - [28/Aug/2022:09:53:19 +0000] "GET / HTTP/1.1" 200 13 "-" "Mozilla/5.0 (X11; Ubuntu; Linux x86_64; rv:97.0) Gecko/20100101 Firefox/97.0"
141.98.6.37 - - [28/Aug/2022:09:56:47 +0000] "POST /boaform/admin/formLogin HTTP/1.1" 404 153 "http://164.52.223.253:80/admin/login.asp" "Mozilla/5.0 (X11; Ubuntu; Linux x86_64; rv:71.0) Gecko/20100101 Firefox/71.0"
141.98.6.37 - - [28/Aug/2022:09:56:47 +0000] "" 400 0 "-" "-"
45.61.186.139 - - [28/Aug/2022:10:02:33 +0000] "GET / HTTP/1.1" 200 13 "-" "Mozilla/5.0 (X11; Ubuntu; Linux x86_64; rv:97.0) Gecko/20100101 Firefox/97.0"
188.166.23.123 - - [28/Aug/2022:10:03:54 +0000] "POST /boaform/admin/formLogin HTTP/1.1" 404 153 "http://164.52.223.253:80/admin/login.asp" "Mozilla/5.0 (X11; Ubuntu; Linux x86_64; rv:71.0) Gecko/20100101 Firefox/71.0"
188.166.23.123 - - [28/Aug/2022:10:03:54 +0000] "" 400 0 "-" "-"
45.61.186.139 - - [28/Aug/2022:10:06:37 +0000] "GET / HTTP/1.1" 200 13 "-" "Mozilla/5.0 (X11; Ubuntu; Linux x86_64; rv:97.0) Gecko/20100101 Firefox/97.0"
167.99.150.154 - - [28/Aug/2022:10:09:49 +0000] "POST /boaform/admin/formLogin HTTP/1.1" 404 153 "http://164.52.223.253:80/admin/login.asp" "Mozilla/5.0 (X11; Ubuntu; Linux x86_64; rv:71.0) Gecko/20100101 Firefox/71.0"
167.99.150.154 - - [28/Aug/2022:10:09:49 +0000] "" 400 0 "-" "-"
45.61.186.139 - - [28/Aug/2022:10:14:05 +0000] "GET / HTTP/1.1" 200 13 "-" "Mozilla/5.0 (X11; Ubuntu; Linux x86_64; rv:97.0) Gecko/20100101 Firefox/97.0"
45.61.186.139 - - [28/Aug/2022:10:18:08 +0000] "GET / HTTP/1.1" 200 13 "-" "Mozilla/5.0 (X11; Ubuntu; Linux x86_64; rv:97.0) Gecko/20100101 Firefox/97.0"
45.61.186.139 - - [29/Aug/2022:05:18:11 +0000] "GET / HTTP/1.1" 200 1914 "-" "Mozilla/5.0 (X11; Ubuntu; Linux x86_64; rv:97.0) Gecko/20100101 Firefox/97.0"
203.134.205.106 - - [29/Aug/2022:05:19:25 +0000] "GET / HTTP/1.1" 200 1012 "-" "Mozilla/5.0 (Windows NT 10.0; Win64; x64) AppleWebKit/537.36 (KHTML, like Gecko) Chrome/104.0.0.0 Safari/537.36"
203.134.205.106 - - [29/Aug/2022:05:19:26 +0000] "GET /styles.css HTTP/1.1" 200 138 "http://ebdevbackend.evervent.in/" "Mozilla/5.0 (Windows NT 10.0; Win64; x64) AppleWebKit/537.36 (KHTML, like Gecko) Chrome/104.0.0.0 Safari/537.36"
203.134.205.106 - - [29/Aug/2022:05:19:26 +0000] "GET /static/js/bundle.js HTTP/1.1" 200 446528 "http://ebdevbackend.evervent.in/" "Mozilla/5.0 (Windows NT 10.0; Win64; x64) AppleWebKit/537.36 (KHTML, like Gecko) Chrome/104.0.0.0 Safari/537.36"
203.134.205.106 - - [29/Aug/2022:05:19:27 +0000] "GET /static/media/logo.5d5d9eef.svg HTTP/1.1" 200 1325 "http://ebdevbackend.evervent.in/customerlist" "Mozilla/5.0 (Windows NT 10.0; Win64; x64) AppleWebKit/537.36 (KHTML, like Gecko) Chrome/104.0.0.0 Safari/537.36"
203.134.205.106 - - [29/Aug/2022:05:19:27 +0000] "GET /assets/samplejson/customerlist.json HTTP/1.1" 200 256 "http://ebdevbackend.evervent.in/customerlist" "Mozilla/5.0 (Windows NT 10.0; Win64; x64) AppleWebKit/537.36 (KHTML, like Gecko) Chrome/104.0.0.0 Safari/537.36"
203.134.205.106 - - [29/Aug/2022:05:19:27 +0000] "GET /sockjs-node/info?t=1661750364982 HTTP/1.1" 200 90 "http://ebdevbackend.evervent.in/customerlist" "Mozilla/5.0 (Windows NT 10.0; Win64; x64) AppleWebKit/537.36 (KHTML, like Gecko) Chrome/104.0.0.0 Safari/537.36"
203.134.205.106 - - [29/Aug/2022:05:19:27 +0000] "GET /assets/samplejson/customer1.json HTTP/1.1" 200 305 "http://ebdevbackend.evervent.in/customerlist" "Mozilla/5.0 (Windows NT 10.0; Win64; x64) AppleWebKit/537.36 (KHTML, like Gecko) Chrome/104.0.0.0 Safari/537.36"
45.61.186.139 - - [29/Aug/2022:05:21:32 +0000] "GET / HTTP/1.1" 200 1914 "-" "Mozilla/5.0 (X11; Ubuntu; Linux x86_64; rv:97.0) Gecko/20100101 Firefox/97.0"
45.61.186.139 - - [29/Aug/2022:05:28:06 +0000] "GET / HTTP/1.1" 200 1914 "-" "Mozilla/5.0 (X11; Ubuntu; Linux x86_64; rv:97.0) Gecko/20100101 Firefox/97.0"
203.134.205.106 - - [29/Aug/2022:05:30:06 +0000] "GET /customerlist HTTP/1.1" 200 1012 "-" "Mozilla/5.0 (Windows NT 10.0; Win64; x64) AppleWebKit/537.36 (KHTML, like Gecko) Chrome/104.0.0.0 Safari/537.36"
203.134.205.106 - - [29/Aug/2022:05:30:07 +0000] "GET /styles.css HTTP/1.1" 304 0 "http://ebdevbackend.evervent.in/customerlist" "Mozilla/5.0 (Windows NT 10.0; Win64; x64) AppleWebKit/537.36 (KHTML, like Gecko) Chrome/104.0.0.0 Safari/537.36"
203.134.205.106 - - [29/Aug/2022:05:30:07 +0000] "GET /static/js/bundle.js HTTP/1.1" 304 0 "http://ebdevbackend.evervent.in/customerlist" "Mozilla/5.0 (Windows NT 10.0; Win64; x64) AppleWebKit/537.36 (KHTML, like Gecko) Chrome/104.0.0.0 Safari/537.36"
203.134.205.106 - - [29/Aug/2022:05:30:07 +0000] "GET /static/media/logo.5d5d9eef.svg HTTP/1.1" 304 0 "http://ebdevbackend.evervent.in/customerlist" "Mozilla/5.0 (Windows NT 10.0; Win64; x64) AppleWebKit/537.36 (KHTML, like Gecko) Chrome/104.0.0.0 Safari/537.36"
203.134.205.106 - - [29/Aug/2022:05:30:07 +0000] "GET /assets/samplejson/customerlist.json HTTP/1.1" 304 0 "http://ebdevbackend.evervent.in/customerlist" "Mozilla/5.0 (Windows NT 10.0; Win64; x64) AppleWebKit/537.36 (KHTML, like Gecko) Chrome/104.0.0.0 Safari/537.36"
203.134.205.106 - - [29/Aug/2022:05:30:07 +0000] "GET /sockjs-node/info?t=1661751005097 HTTP/1.1" 200 90 "http://ebdevbackend.evervent.in/customerlist" "Mozilla/5.0 (Windows NT 10.0; Win64; x64) AppleWebKit/537.36 (KHTML, like Gecko) Chrome/104.0.0.0 Safari/537.36"
203.134.205.106 - - [29/Aug/2022:05:30:07 +0000] "GET /assets/samplejson/customer1.json HTTP/1.1" 304 0 "http://ebdevbackend.evervent.in/customerlist" "Mozilla/5.0 (Windows NT 10.0; Win64; x64) AppleWebKit/537.36 (KHTML, like Gecko) Chrome/104.0.0.0 Safari/537.36"
203.134.205.106 - - [29/Aug/2022:05:30:08 +0000] "GET /customerlist HTTP/1.1" 304 0 "-" "Mozilla/5.0 (Windows NT 10.0; Win64; x64) AppleWebKit/537.36 (KHTML, like Gecko) Chrome/104.0.0.0 Safari/537.36"
203.134.205.106 - - [29/Aug/2022:05:30:08 +0000] "GET /sockjs-node/475/u1wl4q42/websocket HTTP/1.1" 101 161 "-" "Mozilla/5.0 (Windows NT 10.0; Win64; x64) AppleWebKit/537.36 (KHTML, like Gecko) Chrome/104.0.0.0 Safari/537.36"
203.134.205.106 - - [29/Aug/2022:05:30:08 +0000] "GET /styles.css HTTP/1.1" 304 0 "http://ebdevbackend.evervent.in/customerlist" "Mozilla/5.0 (Windows NT 10.0; Win64; x64) AppleWebKit/537.36 (KHTML, like Gecko) Chrome/104.0.0.0 Safari/537.36"
203.134.205.106 - - [29/Aug/2022:05:30:08 +0000] "GET /static/js/bundle.js HTTP/1.1" 304 0 "http://ebdevbackend.evervent.in/customerlist" "Mozilla/5.0 (Windows NT 10.0; Win64; x64) AppleWebKit/537.36 (KHTML, like Gecko) Chrome/104.0.0.0 Safari/537.36"
203.134.205.106 - - [29/Aug/2022:05:30:08 +0000] "GET /assets/samplejson/customerlist.json HTTP/1.1" 304 0 "http://ebdevbackend.evervent.in/customerlist" "Mozilla/5.0 (Windows NT 10.0; Win64; x64) AppleWebKit/537.36 (KHTML, like Gecko) Chrome/104.0.0.0 Safari/537.36"
203.134.205.106 - - [29/Aug/2022:05:30:08 +0000] "GET /static/media/logo.5d5d9eef.svg HTTP/1.1" 304 0 "http://ebdevbackend.evervent.in/customerlist" "Mozilla/5.0 (Windows NT 10.0; Win64; x64) AppleWebKit/537.36 (KHTML, like Gecko) Chrome/104.0.0.0 Safari/537.36"
203.134.205.106 - - [29/Aug/2022:05:30:08 +0000] "GET /sockjs-node/info?t=1661751006726 HTTP/1.1" 200 90 "http://ebdevbackend.evervent.in/customerlist" "Mozilla/5.0 (Windows NT 10.0; Win64; x64) AppleWebKit/537.36 (KHTML, like Gecko) Chrome/104.0.0.0 Safari/537.36"
203.134.205.106 - - [29/Aug/2022:05:30:08 +0000] "GET /assets/samplejson/customer1.json HTTP/1.1" 304 0 "http://ebdevbackend.evervent.in/customerlist" "Mozilla/5.0 (Windows NT 10.0; Win64; x64) AppleWebKit/537.36 (KHTML, like Gecko) Chrome/104.0.0.0 Safari/537.36"
164.92.205.19 - - [29/Aug/2022:05:30:46 +0000] "POST /boaform/admin/formLogin HTTP/1.1" 404 163 "http://164.52.223.253:80/admin/login.asp" "Mozilla/5.0 (X11; Ubuntu; Linux x86_64; rv:71.0) Gecko/20100101 Firefox/71.0"
164.92.205.19 - - [29/Aug/2022:05:30:46 +0000] "" 400 0 "-" "-"
45.61.186.139 - - [29/Aug/2022:05:31:37 +0000] "GET / HTTP/1.1" 200 1914 "-" "Mozilla/5.0 (X11; Ubuntu; Linux x86_64; rv:97.0) Gecko/20100101 Firefox/97.0"
45.61.186.139 - - [29/Aug/2022:05:34:30 +0000] "GET / HTTP/1.1" 200 1914 "-" "Mozilla/5.0 (X11; Ubuntu; Linux x86_64; rv:97.0) Gecko/20100101 Firefox/97.0"
141.98.6.37 - - [29/Aug/2022:05:37:31 +0000] "POST /boaform/admin/formLogin HTTP/1.1" 404 163 "http://164.52.223.253:80/admin/login.asp" "Mozilla/5.0 (X11; Ubuntu; Linux x86_64; rv:71.0) Gecko/20100101 Firefox/71.0"
141.98.6.37 - - [29/Aug/2022:05:37:32 +0000] "" 400 0 "-" "-"
141.98.6.37 - - [29/Aug/2022:05:43:16 +0000] "GET / HTTP/1.1" 200 1012 "-" "Mozilla/5.0 (X11; Ubuntu; Linux x86_64; rv:76.0) Gecko/20100101 Firefox/76.0"
45.61.186.139 - - [29/Aug/2022:05:45:01 +0000] "GET / HTTP/1.1" 200 1914 "-" "Mozilla/5.0 (X11; Ubuntu; Linux x86_64; rv:97.0) Gecko/20100101 Firefox/97.0"
45.61.186.139 - - [29/Aug/2022:05:47:58 +0000] "GET / HTTP/1.1" 200 1914 "-" "Mozilla/5.0 (X11; Ubuntu; Linux x86_64; rv:97.0) Gecko/20100101 Firefox/97.0"
141.98.6.37 - - [29/Aug/2022:05:50:19 +0000] "POST /boaform/admin/formLogin HTTP/1.1" 404 163 "http://164.52.223.253:80/admin/login.asp" "Mozilla/5.0 (X11; Ubuntu; Linux x86_64; rv:71.0) Gecko/20100101 Firefox/71.0"
141.98.6.37 - - [29/Aug/2022:05:50:20 +0000] "" 400 0 "-" "-"
141.98.6.37 - - [29/Aug/2022:05:51:16 +0000] "GET / HTTP/1.1" 200 1012 "-" "Mozilla/5.0 (X11; Ubuntu; Linux x86_64; rv:76.0) Gecko/20100101 Firefox/76.0"
45.61.186.139 - - [29/Aug/2022:05:51:35 +0000] "GET / HTTP/1.1" 200 1914 "-" "Mozilla/5.0 (X11; Ubuntu; Linux x86_64; rv:97.0) Gecko/20100101 Firefox/97.0"
45.61.186.139 - - [29/Aug/2022:05:53:40 +0000] "GET / HTTP/1.1" 200 1914 "-" "Mozilla/5.0 (X11; Ubuntu; Linux x86_64; rv:97.0) Gecko/20100101 Firefox/97.0"
45.61.186.139 - - [29/Aug/2022:05:55:44 +0000] "GET / HTTP/1.1" 200 1914 "-" "Mozilla/5.0 (X11; Ubuntu; Linux x86_64; rv:97.0) Gecko/20100101 Firefox/97.0"
164.92.205.19 - - [29/Aug/2022:05:57:48 +0000] "POST /boaform/admin/formLogin HTTP/1.1" 404 163 "http://164.52.223.253:80/admin/login.asp" "Mozilla/5.0 (X11; Ubuntu; Linux x86_64; rv:71.0) Gecko/20100101 Firefox/71.0"
164.92.205.19 - - [29/Aug/2022:05:57:48 +0000] "" 400 0 "-" "-"
45.61.186.139 - - [29/Aug/2022:05:59:56 +0000] "GET / HTTP/1.1" 200 1914 "-" "Mozilla/5.0 (X11; Ubuntu; Linux x86_64; rv:97.0) Gecko/20100101 Firefox/97.0"
45.61.186.139 - - [29/Aug/2022:06:03:19 +0000] "GET / HTTP/1.1" 200 1914 "-" "Mozilla/5.0 (X11; Ubuntu; Linux x86_64; rv:97.0) Gecko/20100101 Firefox/97.0"
45.61.186.139 - - [29/Aug/2022:06:04:51 +0000] "GET / HTTP/1.1" 200 1914 "-" "Mozilla/5.0 (X11; Ubuntu; Linux x86_64; rv:97.0) Gecko/20100101 Firefox/97.0"
141.98.6.37 - - [29/Aug/2022:06:05:03 +0000] "GET / HTTP/1.1" 200 1012 "-" "Mozilla/5.0 (X11; Ubuntu; Linux x86_64; rv:76.0) Gecko/20100101 Firefox/76.0"
45.61.186.139 - - [29/Aug/2022:06:08:40 +0000] "GET / HTTP/1.1" 200 1914 "-" "Mozilla/5.0 (X11; Ubuntu; Linux x86_64; rv:97.0) Gecko/20100101 Firefox/97.0"
167.71.59.71 - - [29/Aug/2022:06:10:44 +0000] "POST /boaform/admin/formLogin HTTP/1.1" 404 163 "http://164.52.223.253:80/admin/login.asp" "Mozilla/5.0 (X11; Ubuntu; Linux x86_64; rv:71.0) Gecko/20100101 Firefox/71.0"
167.71.59.71 - - [29/Aug/2022:06:10:44 +0000] "" 400 0 "-" "-"
45.61.186.139 - - [29/Aug/2022:06:13:29 +0000] "GET / HTTP/1.1" 200 1914 "-" "Mozilla/5.0 (X11; Ubuntu; Linux x86_64; rv:97.0) Gecko/20100101 Firefox/97.0"
188.166.23.123 - - [29/Aug/2022:06:15:47 +0000] "POST /boaform/admin/formLogin HTTP/1.1" 404 163 "http://164.52.223.253:80/admin/login.asp" "Mozilla/5.0 (X11; Ubuntu; Linux x86_64; rv:71.0) Gecko/20100101 Firefox/71.0"
188.166.23.123 - - [29/Aug/2022:06:15:47 +0000] "" 400 0 "-" "-"
45.61.186.139 - - [29/Aug/2022:06:18:19 +0000] "GET / HTTP/1.1" 200 1914 "-" "Mozilla/5.0 (X11; Ubuntu; Linux x86_64; rv:97.0) Gecko/20100101 Firefox/97.0"
167.99.150.154 - - [29/Aug/2022:06:19:14 +0000] "POST /boaform/admin/formLogin HTTP/1.1" 404 163 "http://164.52.223.253:80/admin/login.asp" "Mozilla/5.0 (X11; Ubuntu; Linux x86_64; rv:71.0) Gecko/20100101 Firefox/71.0"
167.99.150.154 - - [29/Aug/2022:06:19:15 +0000] "" 400 0 "-" "-"
141.98.6.37 - - [29/Aug/2022:06:20:52 +0000] "POST /boaform/admin/formLogin HTTP/1.1" 404 163 "http://164.52.223.253:80/admin/login.asp" "Mozilla/5.0 (X11; Ubuntu; Linux x86_64; rv:71.0) Gecko/20100101 Firefox/71.0"
141.98.6.37 - - [29/Aug/2022:06:20:53 +0000] "" 400 0 "-" "-"
141.98.6.37 - - [29/Aug/2022:06:21:01 +0000] "GET / HTTP/1.1" 200 1012 "-" "Mozilla/5.0 (X11; Ubuntu; Linux x86_64; rv:76.0) Gecko/20100101 Firefox/76.0"
45.61.186.139 - - [29/Aug/2022:06:21:51 +0000] "GET / HTTP/1.1" 200 1914 "-" "Mozilla/5.0 (X11; Ubuntu; Linux x86_64; rv:97.0) Gecko/20100101 Firefox/97.0"
45.61.186.139 - - [29/Aug/2022:06:23:17 +0000] "GET / HTTP/1.1" 200 1914 "-" "Mozilla/5.0 (X11; Ubuntu; Linux x86_64; rv:97.0) Gecko/20100101 Firefox/97.0"
45.61.186.139 - - [29/Aug/2022:06:30:20 +0000] "GET / HTTP/1.1" 200 1914 "-" "Mozilla/5.0 (X11; Ubuntu; Linux x86_64; rv:97.0) Gecko/20100101 Firefox/97.0"
45.61.186.139 - - [29/Aug/2022:06:33:33 +0000] "GET / HTTP/1.1" 200 1914 "-" "Mozilla/5.0 (X11; Ubuntu; Linux x86_64; rv:97.0) Gecko/20100101 Firefox/97.0"
203.134.205.106 - - [29/Aug/2022:06:34:15 +0000] "GET /sockjs-node/569/ofdat2sf/websocket HTTP/1.1" 101 467 "-" "Mozilla/5.0 (Windows NT 10.0; Win64; x64) AppleWebKit/537.36 (KHTML, like Gecko) Chrome/104.0.0.0 Safari/537.36"
45.61.186.139 - - [29/Aug/2022:06:53:14 +0000] "GET / HTTP/1.1" 301 169 "-" "Mozilla/5.0 (X11; Ubuntu; Linux x86_64; rv:97.0) Gecko/20100101 Firefox/97.0"
188.166.23.123 - - [29/Aug/2022:06:55:36 +0000] "POST /boaform/admin/formLogin HTTP/1.1" 301 169 "http://164.52.223.253:80/admin/login.asp" "Mozilla/5.0 (X11; Ubuntu; Linux x86_64; rv:71.0) Gecko/20100101 Firefox/71.0"
188.166.23.123 - - [29/Aug/2022:06:55:36 +0000] "" 400 0 "-" "-"
45.61.186.139 - - [29/Aug/2022:06:56:08 +0000] "GET / HTTP/1.1" 301 169 "-" "Mozilla/5.0 (X11; Ubuntu; Linux x86_64; rv:97.0) Gecko/20100101 Firefox/97.0"
45.61.186.139 - - [29/Aug/2022:06:57:49 +0000] "GET / HTTP/1.1" 301 169 "-" "Mozilla/5.0 (X11; Ubuntu; Linux x86_64; rv:97.0) Gecko/20100101 Firefox/97.0"
45.61.186.139 - - [29/Aug/2022:07:01:24 +0000] "GET / HTTP/1.1" 301 169 "-" "Mozilla/5.0 (X11; Ubuntu; Linux x86_64; rv:97.0) Gecko/20100101 Firefox/97.0"
164.92.205.19 - - [29/Aug/2022:07:02:18 +0000] "POST /boaform/admin/formLogin HTTP/1.1" 301 169 "http://164.52.223.253:80/admin/login.asp" "Mozilla/5.0 (X11; Ubuntu; Linux x86_64; rv:71.0) Gecko/20100101 Firefox/71.0"
164.92.205.19 - - [29/Aug/2022:07:02:18 +0000] "" 400 0 "-" "-"
203.134.205.106 - - [29/Aug/2022:07:06:30 +0000] "GET /customerlist HTTP/1.1" 301 169 "-" "Mozilla/5.0 (Windows NT 10.0; Win64; x64) AppleWebKit/537.36 (KHTML, like Gecko) Chrome/104.0.0.0 Safari/537.36"
167.99.150.154 - - [29/Aug/2022:07:08:10 +0000] "POST /boaform/admin/formLogin HTTP/1.1" 301 169 "http://164.52.223.253:80/admin/login.asp" "Mozilla/5.0 (X11; Ubuntu; Linux x86_64; rv:71.0) Gecko/20100101 Firefox/71.0"
167.99.150.154 - - [29/Aug/2022:07:08:11 +0000] "" 400 0 "-" "-"
3.88.157.229 - - [29/Aug/2022:07:11:59 +0000] "HEAD / HTTP/1.0" 301 0 "-" "Mozilla/5.0 (Windows NT 10.0; WOW64) AppleWebKit/537.36 (KHTML, like Gecko) Chrome/83.0.4103.106 Safari/537.36"
54.92.195.144 - - [29/Aug/2022:07:11:59 +0000] "GET / HTTP/1.0" 301 169 "-" "Mozilla/5.0 (Windows NT 10.0; WOW64) AppleWebKit/537.36 (KHTML, like Gecko) Chrome/83.0.4103.106 Safari/537.36"
18.206.55.48 - - [29/Aug/2022:07:12:08 +0000] "GET / HTTP/1.1" 301 169 "-" "Mozilla/5.0 (Windows NT 10.0; WOW64) AppleWebKit/537.36 (KHTML, like Gecko) Chrome/83.0.4103.106 Safari/537.36"
45.61.186.139 - - [29/Aug/2022:07:13:02 +0000] "GET / HTTP/1.1" 301 169 "-" "Mozilla/5.0 (X11; Ubuntu; Linux x86_64; rv:97.0) Gecko/20100101 Firefox/97.0"
45.61.186.139 - - [29/Aug/2022:07:17:00 +0000] "GET / HTTP/1.1" 301 169 "-" "Mozilla/5.0 (X11; Ubuntu; Linux x86_64; rv:97.0) Gecko/20100101 Firefox/97.0"
141.98.6.37 - - [29/Aug/2022:07:20:26 +0000] "GET / HTTP/1.1" 301 169 "-" "Mozilla/5.0 (X11; Ubuntu; Linux x86_64; rv:76.0) Gecko/20100101 Firefox/76.0"
45.61.186.139 - - [29/Aug/2022:07:21:15 +0000] "GET / HTTP/1.1" 301 169 "-" "Mozilla/5.0 (X11; Ubuntu; Linux x86_64; rv:97.0) Gecko/20100101 Firefox/97.0"
167.71.59.71 - - [29/Aug/2022:07:21:59 +0000] "POST /boaform/admin/formLogin HTTP/1.1" 301 169 "http://164.52.223.253:80/admin/login.asp" "Mozilla/5.0 (X11; Ubuntu; Linux x86_64; rv:71.0) Gecko/20100101 Firefox/71.0"
167.71.59.71 - - [29/Aug/2022:07:21:59 +0000] "" 400 0 "-" "-"
45.61.186.139 - - [29/Aug/2022:07:25:06 +0000] "GET / HTTP/1.1" 301 169 "-" "Mozilla/5.0 (X11; Ubuntu; Linux x86_64; rv:97.0) Gecko/20100101 Firefox/97.0"
45.95.55.5 - - [29/Aug/2022:07:26:58 +0000] "GET / HTTP/1.1" 301 169 "-" "-"
45.61.186.139 - - [29/Aug/2022:07:28:31 +0000] "GET / HTTP/1.1" 301 169 "-" "Mozilla/5.0 (X11; Ubuntu; Linux x86_64; rv:97.0) Gecko/20100101 Firefox/97.0"
45.61.186.139 - - [29/Aug/2022:07:30:18 +0000] "GET / HTTP/1.1" 301 169 "-" "Mozilla/5.0 (X11; Ubuntu; Linux x86_64; rv:97.0) Gecko/20100101 Firefox/97.0"
45.61.186.139 - - [29/Aug/2022:07:34:19 +0000] "GET / HTTP/1.1" 301 169 "-" "Mozilla/5.0 (X11; Ubuntu; Linux x86_64; rv:97.0) Gecko/20100101 Firefox/97.0"
46.101.189.134 - - [29/Aug/2022:07:36:34 +0000] "\x16\x03\x01\x01\x0C\x01\x00\x01\x08\x03\x03\x01\xEA\xBF\x15\xE4\x95\xE0'pP/?\xA0\x1F\xF7\x91\x0E*\x06s\xAB\xEC\x9A\xD1\x1A\x12)\xA7w\xD1_B [\xD27\xBC\x1E\xC4z\xD2\xD9uu< O\x08c\xD7\xE0\xF4\xA7>>[\x12\x1FC*\xA8\x8Czt\xAC\x00&\xC0+\xC0/\xC0,\xC00\xCC\xA9\xCC\xA8\xC0\x09\xC0\x13\xC0" 400 157 "-" "-"
46.101.189.134 - - [29/Aug/2022:07:36:34 +0000] "HELP" 400 157 "-" "-"
146.190.237.148 - - [29/Aug/2022:07:39:05 +0000] "POST /boaform/admin/formLogin HTTP/1.1" 301 169 "http://164.52.223.253:80/admin/login.asp" "Mozilla/5.0 (X11; Ubuntu; Linux x86_64; rv:71.0) Gecko/20100101 Firefox/71.0"
146.190.237.148 - - [29/Aug/2022:07:39:06 +0000] "" 400 0 "-" "-"
164.92.205.19 - - [29/Aug/2022:07:39:51 +0000] "POST /boaform/admin/formLogin HTTP/1.1" 301 169 "http://164.52.223.253:80/admin/login.asp" "Mozilla/5.0 (X11; Ubuntu; Linux x86_64; rv:71.0) Gecko/20100101 Firefox/71.0"
164.92.205.19 - - [29/Aug/2022:07:39:51 +0000] "" 400 0 "-" "-"
45.61.186.139 - - [29/Aug/2022:07:40:43 +0000] "GET / HTTP/1.1" 301 169 "-" "Mozilla/5.0 (X11; Ubuntu; Linux x86_64; rv:97.0) Gecko/20100101 Firefox/97.0"
45.61.186.139 - - [29/Aug/2022:07:42:55 +0000] "GET / HTTP/1.1" 301 169 "-" "Mozilla/5.0 (X11; Ubuntu; Linux x86_64; rv:97.0) Gecko/20100101 Firefox/97.0"
141.98.6.37 - - [29/Aug/2022:07:45:12 +0000] "POST /boaform/admin/formLogin HTTP/1.1" 301 169 "http://164.52.223.253:80/admin/login.asp" "Mozilla/5.0 (X11; Ubuntu; Linux x86_64; rv:71.0) Gecko/20100101 Firefox/71.0"
141.98.6.37 - - [29/Aug/2022:07:45:12 +0000] "" 400 0 "-" "-"
3.68.90.218 - - [29/Aug/2022:07:46:01 +0000] "GET /.well-known/acme-challenge/TPDuOfIqX0OvfYjZ5eWiiz6Pj_jjmEY1SUiIjssD9rw HTTP/1.1" 200 87 "-" "Mozilla/5.0 (compatible; Let's Encrypt validation server; +https://www.letsencrypt.org)"
3.141.100.165 - - [29/Aug/2022:07:46:01 +0000] "GET /.well-known/acme-challenge/TPDuOfIqX0OvfYjZ5eWiiz6Pj_jjmEY1SUiIjssD9rw HTTP/1.1" 200 87 "-" "Mozilla/5.0 (compatible; Let's Encrypt validation server; +https://www.letsencrypt.org)"
54.149.245.227 - - [29/Aug/2022:07:46:01 +0000] "GET /.well-known/acme-challenge/TPDuOfIqX0OvfYjZ5eWiiz6Pj_jjmEY1SUiIjssD9rw HTTP/1.1" 200 87 "-" "Mozilla/5.0 (compatible; Let's Encrypt validation server; +https://www.letsencrypt.org)"
23.178.112.107 - - [29/Aug/2022:07:46:01 +0000] "GET /.well-known/acme-challenge/TPDuOfIqX0OvfYjZ5eWiiz6Pj_jjmEY1SUiIjssD9rw HTTP/1.1" 200 87 "-" "Mozilla/5.0 (compatible; Let's Encrypt validation server; +https://www.letsencrypt.org)"
104.200.20.186 - - [29/Aug/2022:07:47:11 +0000] "\x16\x03\x01\x01\x0B\x01\x00\x01\x07\x03\x035\x83\xB5\xE2D\xB7\xB0\xF83\x03R\x85\x1E\x08\xEBf5E\x11\x10\xDA\x12\xE4\x8B\x84)\x0E\xE4\x85\x8Fn\x19 Lz[\xA4T9+b\x83\xF5\x18\xFDt\x88XK\xB3D\xF5'PD\xE6\xC4\xF7" 400 157 "-" "-"
104.200.20.186 - - [29/Aug/2022:07:47:11 +0000] "GET / HTTP/1.1" 301 169 "-" "-"
104.200.20.186 - - [29/Aug/2022:07:47:12 +0000] "HELP" 400 157 "-" "-"
104.200.20.186 - - [29/Aug/2022:07:47:12 +0000] "GET /.git/config HTTP/1.1" 301 169 "-" "Go-http-client/1.1"
104.200.20.186 - - [29/Aug/2022:07:47:12 +0000] "GET /telescope/requests HTTP/1.1" 301 169 "-" "Go-http-client/1.1"
104.200.20.186 - - [29/Aug/2022:07:47:12 +0000] "GET /info.php HTTP/1.1" 301 169 "-" "Go-http-client/1.1"
104.200.20.186 - - [29/Aug/2022:07:47:12 +0000] "GET /s/3136342e35322e3232332e323533/_/;/META-INF/maven/com.atlassian.jira/jira-webapp-dist/pom.properties HTTP/1.1" 301 169 "-" "Go-http-client/1.1"
104.200.20.186 - - [29/Aug/2022:07:47:12 +0000] "GET /?rest_route=/wp/v2/users/ HTTP/1.1" 301 169 "-" "Go-http-client/1.1"
104.200.20.186 - - [29/Aug/2022:07:47:12 +0000] "GET /ecp/Current/exporttool/microsoft.exchange.ediscovery.exporttool.application HTTP/1.1" 301 169 "-" "Go-http-client/1.1"
104.200.20.186 - - [29/Aug/2022:07:47:12 +0000] "GET / HTTP/1.1" 301 169 "-" "Mozilla/5.0 (Linux; Android 6.0; HTC One M9 Build/MRA932071) AppleWebKit/537.36 (KHTML, like Gecko) Chrome/52.0.2754.98 Mobile Safari/537.3"
104.200.20.186 - - [29/Aug/2022:07:47:12 +0000] "GET /server-status HTTP/1.1" 301 169 "-" "Go-http-client/1.1"
104.200.20.186 - - [29/Aug/2022:07:47:12 +0000] "GET /.DS_Store HTTP/1.1" 301 169 "-" "Go-http-client/1.1"
104.200.20.186 - - [29/Aug/2022:07:47:12 +0000] "GET /.env HTTP/1.1" 301 169 "-" "Go-http-client/1.1"
104.200.20.186 - - [29/Aug/2022:07:47:12 +0000] "GET /debug/default/view?panel=config HTTP/1.1" 301 169 "-" "Go-http-client/1.1"
104.200.20.186 - - [29/Aug/2022:07:47:12 +0000] "GET /about HTTP/1.1" 301 169 "-" "Go-http-client/1.1"
104.200.20.186 - - [29/Aug/2022:07:47:12 +0000] "GET /login.action HTTP/1.1" 301 169 "-" "Go-http-client/1.1"
104.200.20.186 - - [29/Aug/2022:07:47:12 +0000] "GET /v2/_catalog HTTP/1.1" 301 169 "-" "Go-http-client/1.1"
104.200.20.186 - - [29/Aug/2022:07:47:12 +0000] "GET /api/search?folderIds=0 HTTP/1.1" 301 169 "-" "Go-http-client/1.1"
104.200.20.186 - - [29/Aug/2022:07:47:12 +0000] "GET /config.json HTTP/1.1" 301 169 "-" "Go-http-client/1.1"
151.106.120.184 - - [29/Aug/2022:07:47:16 +0000] "GET / HTTP/1.1" 301 169 "-" "Mozilla/5.0 (iPhone; CPU iPhone OS 10_3_1 like Mac OS X) AppleWebKit/603.1.30 (KHTML, like Gecko) Version/10.0 Mobile/14E304 Safari/602.1"
151.106.120.184 - - [29/Aug/2022:07:47:19 +0000] "GET / HTTP/1.1" 301 169 "-" "Mozilla/5.0 (iPhone; CPU iPhone OS 10_3_1 like Mac OS X) AppleWebKit/603.1.30 (KHTML, like Gecko) Version/10.0 Mobile/14E304 Safari/602.1"
151.106.120.184 - - [29/Aug/2022:07:47:20 +0000] "GET / HTTP/1.1" 301 169 "-" "Mozilla/5.0 (iPhone; CPU iPhone OS 10_3_1 like Mac OS X) AppleWebKit/603.1.30 (KHTML, like Gecko) Version/10.0 Mobile/14E304 Safari/602.1"
54.242.129.61 - - [29/Aug/2022:07:47:33 +0000] "GET /.git/config HTTP/1.1" 301 169 "-" "Mozilla/5.0 (Linux; Android 11; SM-A217F) AppleWebKit/537.36 (KHTML, like Gecko) Chrome/100.0.4896.127 Mobile Safari/537.36"
51.81.167.146 - - [29/Aug/2022:07:47:50 +0000] "GET / HTTP/1.1" 301 169 "-" "Mozilla/5.0 (iPhone; CPU iPhone OS 15_1_1 like Mac OS X) AppleWebKit/605.1.15 (KHTML, like Gecko) Version/15.1 Mobile/15E148 Safari/604.1"
3.74.224.117 - - [29/Aug/2022:07:47:54 +0000] "GET /.well-known/acme-challenge/dlEUYrLeUjQQs0_Ejj-Ros72EJpGeHPhrX-8ovGKDIU HTTP/1.1" 200 87 "-" "Mozilla/5.0 (compatible; Let's Encrypt validation server; +https://www.letsencrypt.org)"
3.15.43.81 - - [29/Aug/2022:07:47:54 +0000] "GET /.well-known/acme-challenge/dlEUYrLeUjQQs0_Ejj-Ros72EJpGeHPhrX-8ovGKDIU HTTP/1.1" 200 87 "-" "Mozilla/5.0 (compatible; Let's Encrypt validation server; +https://www.letsencrypt.org)"
23.178.112.209 - - [29/Aug/2022:07:47:54 +0000] "GET /.well-known/acme-challenge/dlEUYrLeUjQQs0_Ejj-Ros72EJpGeHPhrX-8ovGKDIU HTTP/1.1" 200 87 "-" "Mozilla/5.0 (compatible; Let's Encrypt validation server; +https://www.letsencrypt.org)"
34.216.154.28 - - [29/Aug/2022:07:47:54 +0000] "GET /.well-known/acme-challenge/dlEUYrLeUjQQs0_Ejj-Ros72EJpGeHPhrX-8ovGKDIU HTTP/1.1" 200 87 "-" "Mozilla/5.0 (compatible; Let's Encrypt validation server; +https://www.letsencrypt.org)"
54.242.129.61 - - [29/Aug/2022:07:48:15 +0000] "GET /.git/config HTTP/1.1" 301 169 "-" "Mozilla/5.0 (Linux; U; Android 1.5; en-us; htc_bahamas Build/CRB17) AppleWebKit/528.5  (KHTML, like Gecko) Version/3.1.2 Mobile Safari/525.20.1"
45.61.186.139 - - [29/Aug/2022:07:48:28 +0000] "GET / HTTP/1.1" 301 169 "-" "Mozilla/5.0 (X11; Ubuntu; Linux x86_64; rv:97.0) Gecko/20100101 Firefox/97.0"
151.106.120.184 - - [29/Aug/2022:07:49:38 +0000] "GET / HTTP/1.1" 301 169 "-" "Mozilla/5.0 (iPhone; CPU iPhone OS 10_3_1 like Mac OS X) AppleWebKit/603.1.30 (KHTML, like Gecko) Version/10.0 Mobile/14E304 Safari/602.1"
151.106.120.184 - - [29/Aug/2022:07:49:39 +0000] "GET / HTTP/1.1" 301 169 "-" "Mozilla/5.0 (iPhone; CPU iPhone OS 10_3_1 like Mac OS X) AppleWebKit/603.1.30 (KHTML, like Gecko) Version/10.0 Mobile/14E304 Safari/602.1"
151.106.120.184 - - [29/Aug/2022:07:49:40 +0000] "GET / HTTP/1.1" 301 169 "-" "Mozilla/5.0 (iPhone; CPU iPhone OS 10_3_1 like Mac OS X) AppleWebKit/603.1.30 (KHTML, like Gecko) Version/10.0 Mobile/14E304 Safari/602.1"
54.242.129.61 - - [29/Aug/2022:07:49:47 +0000] "GET /.git/config HTTP/1.1" 301 169 "-" "Mozilla/5.0 (X11; U; FreeBSD x86_64; en-US) AppleWebKit/534.16 (KHTML, like Gecko) Chrome/10.0.648.204 Safari/534.16"
203.134.205.106 - - [29/Aug/2022:09:29:20 +0000] "\x16\x03\x01\x02\x00\x01\x00\x01\xFC\x03\x030\x8FI\x00\xED\xD0\xF2\xDB\x1C7\xB6\x08\xF9\xC4\xEBDSU\xE5\xA4" 400 157 "-" "-"
203.134.205.106 - - [29/Aug/2022:09:29:20 +0000] "\x16\x03\x01\x02\x00\x01\x00\x01\xFC\x03\x03\x8F\xD6\x93\xA9+\x17U0KsD\xAEh\x89\xCA\x84\xE3c\x5CY9\x8A\xA8=\x88\xFE\xEC\xDF`\xF1B\xD6 \xFA\x1A\xE5\xD6\xF42\xF2\x9D\x91" 400 157 "-" "-"
203.134.205.106 - - [29/Aug/2022:09:29:20 +0000] "\x16\x03\x01\x02\x00\x01\x00\x01\xFC\x03\x03K\xAA\xC9u\x99\x00\xFD\x80d\x9E/(\x1AT\x93\xE5wtj\xFF\xA0_\xD2!\xD8'\x10\x87\xCC\xA0\xD4\x13 \xA0p\xAEY\xB2#5\xF7\x91d\xC0\x15\x80\x0C1(\xC3\xFF\x03@\x86F\x8D\xFEv\xC7yt\x91\xD86\xC8\x00 **\x13\x01\x13\x02\x13\x03\xC0+\xC0/\xC0,\xC00\xCC\xA9\xCC\xA8\xC0\x13\xC0\x14\x00\x9C\x00\x9D\x00/\x005\x01\x00\x01\x93\xDA\xDA\x00\x00\x00\x00\x00\x1D\x00\x1B\x00\x00\x18ebdevbackend.evervent.in\x00\x17\x00\x00\xFF\x01\x00\x01\x00\x00" 400 157 "-" "-"
203.134.205.106 - - [29/Aug/2022:09:29:20 +0000] "\x16\x03\x01\x02\x00\x01\x00\x01\xFC\x03\x03\xF5\xE6#\x88\x93\xF6gQ\xB4\xFDQ\x08\x90+\xBC\x0B\x83\xDE\xD5\xE3Rr\xC5\x0E\xD6\x9A\x8D]\x11\xB3\xE0U \x030\x91\xF9\x9C\x0C\x04y\x9FT\x0C\x22C\xA6r\x8E\x10\xF0\xCB\x13d\x06r\xAF o\xB8\xA0\xF9\x88\xB8\x82\x00 \xBA\xBA\x13\x01\x13\x02\x13\x03\xC0+\xC0/\xC0,\xC00\xCC\xA9\xCC\xA8\xC0\x13\xC0\x14\x00\x9C\x00\x9D\x00/\x005\x01\x00\x01\x93" 400 157 "-" "-"
203.134.205.106 - - [29/Aug/2022:09:29:21 +0000] "\x16\x03\x01\x02\x00\x01\x00\x01\xFC\x03\x03\xEB_\xC8\x8B9\x82(\xCE\x19\x03\xCF\x1Czr\x9A%Q\x03\xCA\xD4l\xEEY}*\xD8\x9B\x9B\x98\x5C\xE2\xB7 \x15QcM\xC5\xB7u\xF0d\x9A@\xFE\xF9\x04\x19\xE4\xB81\xA7\xAF/\xD2j\xBC\xBC}\xCE\x13\xD3\xF9\xE2\xC9\x00 JJ\x13\x01\x13\x02\x13\x03\xC0+\xC0/\xC0,\xC00\xCC\xA9\xCC\xA8\xC0\x13\xC0\x14\x00\x9C\x00\x9D\x00/\x005\x01\x00\x01\x93**\x00\x00\x00\x00\x00\x1D\x00\x1B\x00\x00\x18ebdevbackend.evervent.in\x00\x17\x00\x00\xFF\x01\x00\x01\x00\x00" 400 157 "-" "-"
203.134.205.106 - - [29/Aug/2022:09:29:22 +0000] "\x16\x03\x01\x02\x00\x01\x00\x01\xFC\x03\x031\x8A8\x97\xBC\xB8`\xE4N\xBBK\x9D\xCB\x88\xE4\xBB\xB5\xCC\x9B\x9E\x1A\x16.+\x10\xB3\xDEU\xE9&\xC3\xE0 \xDA\x8Ag\x989j\xB1\xA3\x1E)wf\x99\xA7k\x91\x8E\x92\xE57\xEF\xC6\xF5\x8D\x22Z\xE5[\xE4\xAE:\xE6\x00 \xCA\xCA\x13\x01\x13\x02\x13\x03\xC0+\xC0/\xC0,\xC00\xCC\xA9\xCC\xA8\xC0\x13\xC0\x14\x00\x9C\x00\x9D\x00/\x005\x01\x00\x01\x93jj\x00\x00\x00\x00\x00\x1D\x00\x1B\x00\x00\x18ebdevbackend.evervent.in\x00\x17\x00\x00\xFF\x01\x00\x01\x00\x00" 400 157 "-" "-"
203.134.205.106 - - [29/Aug/2022:09:29:22 +0000] "\x16\x03\x01\x02\x00\x01\x00\x01\xFC\x03\x03n\x06\xE3\xAAX\xA2\x0E\xD1\x83\x97.g\x94\xD4+8\xF3\xEEG\x94\x06\xC3T\x95\x8C\x9Fo\xD1\x83\xDE\xDD\xAE pq\x94|\xB4\xF1\xD1K\xF4\x09,\xD2p\x02\x06+\xC6\xAA!j\x03J\xBCO&\x17\xF5\xCE\xFF.\x93\x9D\x00 \xAA\xAA\x13\x01\x13\x02\x13\x03\xC0+\xC0/\xC0,\xC00\xCC\xA9\xCC\xA8\xC0\x13\xC0\x14\x00\x9C\x00\x9D\x00/\x005\x01\x00\x01\x93jj\x00\x00\x00\x00\x00\x1D\x00\x1B\x00\x00\x18ebdevbackend.evervent.in\x00\x17\x00\x00\xFF\x01\x00\x01\x00\x00" 400 157 "-" "-"
203.134.205.106 - - [29/Aug/2022:09:29:22 +0000] "\x16\x03\x01\x02\x00\x01\x00\x01\xFC\x03\x03c\xA8\xE0\xD8+\xB8\xF81\xE31\xDD\xF1]\x12\x85U\xA2@z\x9E9k\x8B\x18\x18_c\xB1\xCE\xBD`\xBE uk\xD3+l(\xDFZ\xC1\x89\x06\x9D)H\xF4\x06\x98\x0C\x0E/U!#C\x04\xE1\xA0jy\x00\xEB\x8F\x00 \x1A\x1A\x13\x01\x13\x02\x13\x03\xC0+\xC0/\xC0,\xC00\xCC\xA9\xCC\xA8\xC0\x13\xC0\x14\x00\x9C\x00\x9D\x00/\x005\x01\x00\x01\x93\xEA\xEA\x00\x00\x00\x00\x00\x1D\x00\x1B\x00\x00\x18ebdevbackend.evervent.in\x00\x17\x00\x00\xFF\x01\x00\x01\x00\x00" 400 157 "-" "-"
203.134.205.106 - - [29/Aug/2022:09:29:27 +0000] "GET / HTTP/1.1" 304 0 "-" "Mozilla/5.0 (Windows NT 10.0; Win64; x64) AppleWebKit/537.36 (KHTML, like Gecko) Chrome/104.0.0.0 Safari/537.36"
203.134.205.106 - - [29/Aug/2022:09:29:28 +0000] "GET /styles.css HTTP/1.1" 304 0 "http://ebdevbackend.evervent.in/" "Mozilla/5.0 (Windows NT 10.0; Win64; x64) AppleWebKit/537.36 (KHTML, like Gecko) Chrome/104.0.0.0 Safari/537.36"
203.134.205.106 - - [29/Aug/2022:09:29:28 +0000] "GET /static/js/bundle.js HTTP/1.1" 304 0 "http://ebdevbackend.evervent.in/" "Mozilla/5.0 (Windows NT 10.0; Win64; x64) AppleWebKit/537.36 (KHTML, like Gecko) Chrome/104.0.0.0 Safari/537.36"
203.134.205.106 - - [29/Aug/2022:09:29:28 +0000] "GET /static/media/logo.5d5d9eef.svg HTTP/1.1" 304 0 "http://ebdevbackend.evervent.in/customerlist" "Mozilla/5.0 (Windows NT 10.0; Win64; x64) AppleWebKit/537.36 (KHTML, like Gecko) Chrome/104.0.0.0 Safari/537.36"
203.134.205.106 - - [29/Aug/2022:09:29:28 +0000] "GET /assets/samplejson/customerlist.json HTTP/1.1" 304 0 "http://ebdevbackend.evervent.in/customerlist" "Mozilla/5.0 (Windows NT 10.0; Win64; x64) AppleWebKit/537.36 (KHTML, like Gecko) Chrome/104.0.0.0 Safari/537.36"
203.134.205.106 - - [29/Aug/2022:09:29:28 +0000] "GET /sockjs-node/info?t=1661765368277 HTTP/1.1" 200 90 "http://ebdevbackend.evervent.in/customerlist" "Mozilla/5.0 (Windows NT 10.0; Win64; x64) AppleWebKit/537.36 (KHTML, like Gecko) Chrome/104.0.0.0 Safari/537.36"
203.134.205.106 - - [29/Aug/2022:09:29:28 +0000] "GET /assets/samplejson/customer1.json HTTP/1.1" 304 0 "http://ebdevbackend.evervent.in/customerlist" "Mozilla/5.0 (Windows NT 10.0; Win64; x64) AppleWebKit/537.36 (KHTML, like Gecko) Chrome/104.0.0.0 Safari/537.36"
203.134.205.106 - - [29/Aug/2022:09:29:34 +0000] "\x16\x03\x01\x02\x00\x01\x00\x01\xFC\x03\x03$\x83\xE5G\xD8\xB4d(\x098n\x1C\xFCJ\xA0ww9\x11\xD5h\x11m\x1CZ\xD3" 400 157 "-" "-"
203.134.205.106 - - [29/Aug/2022:09:29:34 +0000] "\x16\x03\x01\x02\x00\x01\x00\x01\xFC\x03\x03\xA8\x05r\xE7\x8F\xEE*\x84\xE9#\xD9\xD7\x94z\xE8\x92U;\xC8\x8B\xA7\x03\x06\xFE\xBF*\xC2\x9D\xC7b$A 8LQ\x93\x90\x86\xE5\xCE\xE5\xE1\xCF\x91\xB2g\xFBI\xAA~\xED\xD6\x84\xA6^\x07\x98K\x05=\xAD\x7F\xD4\xD6\x00 \x9A\x9A\x13\x01\x13\x02\x13\x03\xC0+\xC0/\xC0,\xC00\xCC\xA9\xCC\xA8\xC0\x13\xC0\x14\x00\x9C\x00\x9D\x00/\x005\x01\x00\x01\x93\xFA\xFA\x00\x00\x00\x00\x00\x1E\x00\x1C\x00\x00\x19ebdevfrontend.evervent.in\x00\x17\x00\x00\xFF\x01\x00\x01\x00\x00" 400 157 "-" "-"
203.134.205.106 - - [29/Aug/2022:09:29:39 +0000] "\x16\x03\x01\x02\x00\x01\x00\x01\xFC\x03\x03R\xCEy\xFC\x87\x85\x80\xB53;E\x10:\xC1_\x18\x18\x22\xD3\x10]Y\x96\xABS\xC1\x01+\xDD\xB7)7 j\xA4\xD4\xAC\x9C" 400 157 "-" "-"
203.134.205.106 - - [29/Aug/2022:09:29:40 +0000] "\x16\x03\x01\x02\x00\x01\x00\x01\xFC\x03\x03" 400 157 "-" "-"
203.134.205.106 - - [29/Aug/2022:09:29:46 +0000] "\x16\x03\x01\x02\x00\x01\x00\x01\xFC\x03\x034\xA3\x98{\xEA\x82\xAAOW\xDFijt\x1A\xA1\xCF1}\xB0zJ\xEE:u\x94c)\x8D>\xCCP\xE6 \xCFF\x02\x04\xB4]\xD5Fm\xF1qxHTD]\x02>\xD9\xD2QF_\x85U\x85m\xD0\x8Av\xA9|\x00 ::\x13\x01\x13\x02\x13\x03\xC0+\xC0/\xC0,\xC00\xCC\xA9\xCC\xA8\xC0\x13\xC0\x14\x00\x9C\x00\x9D\x00/\x005\x01\x00\x01\x93::\x00\x00\x00\x00\x00\x1E\x00\x1C\x00\x00\x19ebdevfrontend.evervent.in\x00\x17\x00\x00\xFF\x01\x00\x01\x00\x00" 400 157 "-" "-"
203.134.205.106 - - [29/Aug/2022:09:29:47 +0000] "\x16\x03\x01\x02\x00\x01\x00\x01\xFC\x03\x03\xF5\x9B\xD8z\xF6\x11\xF4Nv\xD9\xF3\x8C\x14 R\x5CH\x18i\xEE|\xD29/G\xC6\x07E FaJ \x1B`\xBE\xF7t35\xD2\x0B\xE3\xCB\x13\xA9\x14\xC5\x9D\x90\x0CO\xD1aa\x11\x1E\xE4\xCC\xDC\xC1\x88\xB1\xE38\x00 \x1A\x1A\x13\x01\x13\x02\x13\x03\xC0+\xC0/\xC0,\xC00\xCC\xA9\xCC\xA8\xC0\x13\xC0\x14\x00\x9C\x00\x9D\x00/\x005\x01\x00\x01\x93\xCA\xCA\x00\x00\x00\x00\x00\x1E\x00\x1C\x00\x00\x19ebdevfrontend.evervent.in\x00\x17\x00\x00\xFF\x01\x00\x01\x00\x00" 400 157 "-" "-"
45.61.186.139 - - [29/Aug/2022:09:29:54 +0000] "GET / HTTP/1.1" 200 1914 "-" "Mozilla/5.0 (X11; Ubuntu; Linux x86_64; rv:97.0) Gecko/20100101 Firefox/97.0"
203.134.205.106 - - [29/Aug/2022:09:30:18 +0000] "\x16\x03\x01\x02\x00\x01\x00\x01\xFC\x03\x03^\xE5\xDE\xFC\xAB\xAB\x90\xB1\xBB\x7F\xDB\x89\xB2\xA2\x91\x81\xA4\xCA\xBF\x8C\x1Fy')\x88\xC6\xA7$7\xC4\xC3\xFE \xAA\x8C\xF8\x9Au60\xF6\xCE\xAA\x0B?\x1Dm&\xEDZD\x17\x97\x9F\xFC0{X\x0BWcl\x9E\xEE\x05\x00 \x1A\x1A\x13\x01\x13\x02\x13\x03\xC0+\xC0/\xC0,\xC00\xCC\xA9\xCC\xA8\xC0\x13\xC0\x14\x00\x9C\x00\x9D\x00/\x005\x01\x00\x01\x93ZZ\x00\x00\x00\x00\x00\x1E\x00\x1C\x00\x00\x19ebdevfrontend.evervent.in\x00\x17\x00\x00\xFF\x01\x00\x01\x00\x00" 400 157 "-" "-"
203.134.205.106 - - [29/Aug/2022:09:30:18 +0000] "\x16\x03\x01\x02\x00\x01\x00\x01\xFC\x03\x03sV\xB0~\xA5C\x1B\xA1\xB14\x9A\xC0c'\x9B\x87\xDCNt\xAEO>ql\x96\x198\xD6\xF8^\x12\xE0 4\x8Djm2u\xC9\x053\x1C{\x9E?=\xF6\x15I\xB8\xC0\xF2\x01\xCC\x10\x96\xC4\xAC5n\xDE\x90\x7F\x90\x00 " 400 157 "-" "-"
203.134.205.106 - - [29/Aug/2022:09:30:19 +0000] "\x16\x03\x01\x02\x00\x01\x00\x01\xFC\x03\x03 <{\xB0x&\xD8\x12z\x92Od{n\xA1g\x8D\xF2K\x01\x19\x09K|C\x5C\xF6\x1FO\x1ACX S\x8ENk\xAC%&\x7FH4\x1F\x01pc\x91\xB0\xFD\xF9\x8B\x1E4\xB9U#9\xEEdYj\x16\xAC\xCA\x00 \x1A\x1A\x13\x01\x13\x02\x13\x03\xC0+\xC0/\xC0,\xC00\xCC\xA9\xCC\xA8\xC0\x13\xC0\x14\x00\x9C\x00\x9D\x00/\x005\x01\x00\x01\x93\xBA\xBA\x00\x00\x00\x00\x00\x1E\x00\x1C\x00\x00\x19ebdevfrontend.evervent.in\x00\x17\x00\x00\xFF\x01\x00\x01\x00\x00" 400 157 "-" "-"
203.134.205.106 - - [29/Aug/2022:09:30:19 +0000] "\x16\x03\x01\x02\x00\x01\x00\x01\xFC\x03\x03K,>\x13\xB3\x1F\xE5\xB3=\x88\xC2\xDB\xD4\xE9\x80\xC0\x98\xCC\xAC\xC8\xD7\xDF\xF8z\xA1\xCF\xAE\x90c\xA8C\xA9 \xCCK\x88~\xDB\xC8\x95\xAF\x14\xD1\xB7\x14\x96$\xC8\xF1\x0F6J\xB7'\xE1\x19W\xC6\x02\x5C4\xC7?\x15\xE8\x00 " 400 157 "-" "-"
203.134.205.106 - - [29/Aug/2022:09:30:19 +0000] "\x16\x03\x01\x02\x00\x01\x00\x01\xFC\x03\x03(V\xDAM\xE1\xC4\x896\x9F2\xA5x nMAI\x18\xE6C/Iz\x16?>\xA7\xD5BgL\xBE r\xC2\xF5\xC11\xA1T]q\x8A\x14\x9E>\xCC\xE1R\xF5[\xFE[\xD3\x8E7@\xCF\xA1tB\xC7\x8F#Q\x00 \xFA\xFA\x13\x01\x13\x02\x13\x03\xC0+\xC0/\xC0,\xC00\xCC\xA9\xCC\xA8\xC0\x13\xC0\x14\x00\x9C\x00\x9D\x00/\x005\x01\x00\x01\x93\xEA\xEA\x00\x00\x00\x00\x00\x1E\x00\x1C\x00\x00\x19ebdevfrontend.evervent.in\x00\x17\x00\x00\xFF\x01\x00\x01\x00\x00" 400 157 "-" "-"
203.134.205.106 - - [29/Aug/2022:09:30:19 +0000] "\x16\x03\x01\x02\x00\x01\x00\x01\xFC\x03\x03\x80\xD5bRw\x09\x8B\x9D\xF6\xF4\x10\x87\xA2\x00bF\xD2\xC4\xC4\xCF\xAE\xB3\xE5\xEB\x08p\x07\x08\x7Ff`\xA4 2\x06\xF2\xEF\x96n\xB5\xAF\xB2$!\x22n\xF0N\xDB\x883\xC4O\xD5!R\x93>;\x17\xF3\x90\xC6\x02" 400 157 "-" "-"
203.134.205.106 - - [29/Aug/2022:09:30:20 +0000] "\x16\x03\x01\x02\x00\x01\x00\x01\xFC\x03\x03~\xBD\xD4>\xCAS\xBC\xE9\x0C\xFB\xB8\x08\xA3\x18!5PFS\x8B\xCBQ\xAFt\xCCS^\xBF\x7FA-X )T\xD9\xEBm\x8F\x09\xB0ty\xC6\x0B\xAD\xCB\xAD*\xD8:\xDF\x89\xB6x+D\xBB\xD8d\x86\x02\xD1\x974\x00 ::\x13\x01\x13\x02\x13\x03\xC0+\xC0/\xC0,\xC00\xCC\xA9\xCC\xA8\xC0\x13\xC0\x14\x00\x9C\x00\x9D\x00/\x005\x01\x00\x01\x93\x1A\x1A\x00\x00\x00\x00\x00\x1E\x00\x1C\x00\x00\x19ebdevfrontend.evervent.in\x00\x17\x00\x00\xFF\x01\x00\x01\x00\x00" 400 157 "-" "-"
203.134.205.106 - - [29/Aug/2022:09:30:20 +0000] "\x16\x03\x01\x02\x00\x01\x00\x01\xFC\x03\x03\xA0\x03\xF9\x0E\xCC\xD1@\x8Db9\x82\x13\xD97" 400 157 "-" "-"
203.134.205.106 - - [29/Aug/2022:09:30:37 +0000] "\x16\x03\x01\x02\x00\x01\x00\x01\xFC\x03\x03d\x1A\xF7\x91\x17\x0C4\x0F\xBE\x1C=K\x84\xA5f\xCB\xF6\x1B\x88\x11/\x10c$\xF7\xF6V\x99U-\xBE\x91 \xD57\xC21\xE9v\xF4p#\xE3pt\xF3j\xEF\xFA\xE1!\xF1\x9D\xD6\x0B\x1EL'r\x1D\x06`\xC2w\x1F\x00 \x1A\x1A\x13\x01\x13\x02\x13\x03\xC0+\xC0/\xC0,\xC00\xCC\xA9\xCC\xA8\xC0\x13\xC0\x14\x00\x9C\x00\x9D\x00/\x005\x01\x00\x01\x93JJ\x00\x00\x00\x00\x00\x1E\x00\x1C\x00\x00\x19ebdevfrontend.evervent.in\x00\x17\x00\x00\xFF\x01\x00\x01\x00\x00" 400 157 "-" "-"
203.134.205.106 - - [29/Aug/2022:09:30:37 +0000] "\x16\x03\x01\x02\x00\x01\x00\x01\xFC\x03\x03[l\x12xn[\xFD\x9C\xC5\xF93\xF9\x00P\xF3\xC5\x9A\xE4\xD0<\x13H\xE5\xA8|\x9D\x90\xD9\xBB\xF0z\x8F \x80\xE3\xBA\xAF\x11\x96\xADSt;1^\xBA\xAF\xFAew\x18\x0F\xA1\xD1b&D" 400 157 "-" "-"
203.134.205.106 - - [29/Aug/2022:09:31:15 +0000] "\x16\x03\x01\x02\x00\x01\x00\x01\xFC\x03\x03? \x8AM\xBE\xAE\x00O\x04\xF3\x11J\xCC#O\x0E!Y\x17B2\xD6\x92\xD2\x1BA\xA8{b`\xAA} \xBC\x19\x1D\x15K\xCAc\xDB4\xC9\x9D\x8Bq\x82" 400 157 "-" "-"
203.134.205.106 - - [29/Aug/2022:09:31:15 +0000] "\x16\x03\x01\x02\x00\x01\x00\x01\xFC\x03\x03\x22\xF2\x90F\xF1K\xA1@\xC8\x02B\x19\xE7]\xD8\xCA\xF39\xE8\x10\xF5\xB8[Yic\xD1:\x15\x19\xB4S ^\xAC\x0F\xA6LEw\xC9g\x16\x0E\xFD.\xF3\xD9\xB3\xE4{\x92\x87\xA6\xA0?k4\xB6\x92\xE0\xE3\xEC4i\x00 ::\x13\x01\x13\x02\x13\x03\xC0+\xC0/\xC0,\xC00\xCC\xA9\xCC\xA8\xC0\x13\xC0\x14\x00\x9C\x00\x9D\x00/\x005\x01\x00\x01\x93\xEA\xEA\x00\x00\x00\x00\x00\x1E\x00\x1C\x00\x00\x19ebdevfrontend.evervent.in\x00\x17\x00\x00\xFF\x01\x00\x01\x00\x00" 400 157 "-" "-"
203.134.205.106 - - [29/Aug/2022:09:31:16 +0000] "\x16\x03\x01\x02\x00\x01\x00\x01\xFC\x03\x03\xD6\xF3{Y-\xB3<Y\xEC\xC0>\xB9}C\xE9^\xCDZ\xA2.]\xB0\xA3\x92\x5C\xA1\xF2\xA9\x89#~& <\xACCn\xD1\xA6\x12yV\xFA\xE2c\xBB\xD7\xC3i\xA7\xEB\xD3\xE5\xEB\x81I\x84M\x1C\x97\xDA\xFEd\xA2\xFD\x00 ZZ\x13\x01\x13\x02\x13\x03\xC0+\xC0/\xC0,\xC00\xCC\xA9\xCC\xA8\xC0\x13\xC0\x14\x00\x9C\x00\x9D\x00/\x005\x01\x00\x01\x93\xCA\xCA\x00\x00\x00\x00\x00\x1E\x00\x1C\x00\x00\x19ebdevfrontend.evervent.in\x00\x17\x00\x00\xFF\x01\x00\x01\x00\x00" 400 157 "-" "-"
203.134.205.106 - - [29/Aug/2022:09:31:16 +0000] "\x16\x03\x01\x02\x00\x01\x00\x01\xFC\x03\x03\xA2\xEB\xAEG\x98\xC3\xBF\x09\xCB\xE7#\x8Aa\xFD\xB5{fA\xBE\xFE\xE6\x95\x18w>gz\xAC\xAC!W0 r\x8Eu\xB4" 400 157 "-" "-"
203.134.205.106 - - [29/Aug/2022:09:31:18 +0000] "\x16\x03\x01\x02\x00\x01\x00\x01\xFC\x03\x03\xF3\x88\xCF\x1B\xD1\x05\xE4\x04\x1B\x82?\xB1" 400 157 "-" "-"
203.134.205.106 - - [29/Aug/2022:09:31:18 +0000] "\x16\x03\x01\x02\x00\x01\x00\x01\xFC\x03\x036\xBF\x1Ab\xBEf\x96O2\xB7\x17z\xE2\xABT\xD2\xAF%>\x040\x1Cj\x94k\xAC\x02\xBD\xC6\xCB/\x06 \x10\x10w\xB1\x9E\x87\xD7\xB2:\x91.r\xEC\x8A\xEE?\x09c\x00\xDDrB\x08\xC6d7H\xB7\xA7\xDF\xCE\x0E\x00 " 400 157 "-" "-"
45.61.186.139 - - [29/Aug/2022:09:34:21 +0000] "GET / HTTP/1.1" 200 1914 "-" "Mozilla/5.0 (X11; Ubuntu; Linux x86_64; rv:97.0) Gecko/20100101 Firefox/97.0"
45.61.186.139 - - [29/Aug/2022:09:35:41 +0000] "GET / HTTP/1.1" 200 1914 "-" "Mozilla/5.0 (X11; Ubuntu; Linux x86_64; rv:97.0) Gecko/20100101 Firefox/97.0"
45.61.186.139 - - [29/Aug/2022:09:39:59 +0000] "GET / HTTP/1.1" 200 1914 "-" "Mozilla/5.0 (X11; Ubuntu; Linux x86_64; rv:97.0) Gecko/20100101 Firefox/97.0"
164.92.205.19 - - [29/Aug/2022:09:47:56 +0000] "POST /boaform/admin/formLogin HTTP/1.1" 301 169 "http://164.52.223.253:80/admin/login.asp" "Mozilla/5.0 (X11; Ubuntu; Linux x86_64; rv:71.0) Gecko/20100101 Firefox/71.0"
164.92.205.19 - - [29/Aug/2022:09:47:56 +0000] "" 400 0 "-" "-"
203.134.205.106 - - [29/Aug/2022:09:48:04 +0000] "GET /customerlist HTTP/1.1" 301 169 "-" "Mozilla/5.0 (Windows NT 10.0; Win64; x64) AppleWebKit/537.36 (KHTML, like Gecko) Chrome/104.0.0.0 Safari/537.36"
2.57.122.209 - - [29/Aug/2022:10:07:21 +0000] "GET http://example.com/ HTTP/1.1" 301 169 "-" "Go-http-client/1.1"
2.57.122.209 - - [29/Aug/2022:10:07:21 +0000] "CONNECT ebdevbackend.evervent.in:443 HTTP/1.1" 400 157 "-" "-"
203.134.205.106 - - [29/Aug/2022:10:07:31 +0000] "GET / HTTP/1.1" 301 169 "-" "Mozilla/5.0 (Windows NT 10.0; Win64; x64) AppleWebKit/537.36 (KHTML, like Gecko) Chrome/104.0.0.0 Safari/537.36"
193.46.254.155 - - [29/Aug/2022:10:36:12 +0000] "GET /hello_kitty.html HTTP/1.1" 301 169 "-" "Mozilla/5.0 (Windows NT 10.0; Win64; x64) AppleWebKit/537.36 (KHTML, like Gecko) Chrome/89.0.4389.90 Safari/537.36"
45.61.186.139 - - [29/Aug/2022:10:36:43 +0000] "GET / HTTP/1.1" 301 169 "-" "Mozilla/5.0 (X11; Ubuntu; Linux x86_64; rv:97.0) Gecko/20100101 Firefox/97.0"
45.61.186.139 - - [29/Aug/2022:10:39:26 +0000] "GET / HTTP/1.1" 301 169 "-" "Mozilla/5.0 (X11; Ubuntu; Linux x86_64; rv:97.0) Gecko/20100101 Firefox/97.0"
45.61.186.139 - - [29/Aug/2022:10:41:57 +0000] "GET / HTTP/1.1" 301 169 "-" "Mozilla/5.0 (X11; Ubuntu; Linux x86_64; rv:97.0) Gecko/20100101 Firefox/97.0"
141.98.6.37 - - [29/Aug/2022:10:42:47 +0000] "GET / HTTP/1.1" 301 169 "-" "Mozilla/5.0 (X11; Ubuntu; Linux x86_64; rv:76.0) Gecko/20100101 Firefox/76.0"
141.98.6.37 - - [29/Aug/2022:10:44:35 +0000] "POST /boaform/admin/formLogin HTTP/1.1" 301 169 "http://164.52.223.253:80/admin/login.asp" "Mozilla/5.0 (X11; Ubuntu; Linux x86_64; rv:71.0) Gecko/20100101 Firefox/71.0"
141.98.6.37 - - [29/Aug/2022:10:44:35 +0000] "" 400 0 "-" "-"
45.61.186.139 - - [29/Aug/2022:10:45:17 +0000] "GET / HTTP/1.1" 301 169 "-" "Mozilla/5.0 (X11; Ubuntu; Linux x86_64; rv:97.0) Gecko/20100101 Firefox/97.0"
45.61.186.139 - - [29/Aug/2022:10:52:46 +0000] "GET / HTTP/1.1" 301 162 "-" "Mozilla/5.0 (X11; Ubuntu; Linux x86_64; rv:97.0) Gecko/20100101 Firefox/97.0"
45.61.186.139 - - [29/Aug/2022:10:55:57 +0000] "GET / HTTP/1.1" 301 162 "-" "Mozilla/5.0 (X11; Ubuntu; Linux x86_64; rv:97.0) Gecko/20100101 Firefox/97.0"
45.61.186.139 - - [29/Aug/2022:11:00:32 +0000] "GET / HTTP/1.1" 301 162 "-" "Mozilla/5.0 (X11; Ubuntu; Linux x86_64; rv:97.0) Gecko/20100101 Firefox/97.0"
2.57.122.98 - - [29/Aug/2022:11:02:03 +0000] "GET / HTTP/1.1" 301 169 "-" "Mozilla/5.0 (Windows NT 10.0; Win64; x64) AppleWebKit/537.36 (KHTML, like Gecko) Chrome/90.0.4430.85 Safari/537.36 Edg/90.0.818.46"
141.98.6.37 - - [29/Aug/2022:11:02:57 +0000] "POST /boaform/admin/formLogin HTTP/1.1" 301 169 "http://164.52.223.253:80/admin/login.asp" "Mozilla/5.0 (X11; Ubuntu; Linux x86_64; rv:71.0) Gecko/20100101 Firefox/71.0"
141.98.6.37 - - [29/Aug/2022:11:02:57 +0000] "" 400 0 "-" "-"
167.71.59.71 - - [29/Aug/2022:11:03:41 +0000] "POST /boaform/admin/formLogin HTTP/1.1" 301 169 "http://164.52.223.253:80/admin/login.asp" "Mozilla/5.0 (X11; Ubuntu; Linux x86_64; rv:71.0) Gecko/20100101 Firefox/71.0"
167.71.59.71 - - [29/Aug/2022:11:03:41 +0000] "" 400 0 "-" "-"
45.61.186.139 - - [29/Aug/2022:11:04:44 +0000] "GET / HTTP/1.1" 301 169 "-" "Mozilla/5.0 (X11; Ubuntu; Linux x86_64; rv:97.0) Gecko/20100101 Firefox/97.0"
146.190.237.148 - - [29/Aug/2022:11:05:50 +0000] "POST /boaform/admin/formLogin HTTP/1.1" 301 169 "http://164.52.223.253:80/admin/login.asp" "Mozilla/5.0 (X11; Ubuntu; Linux x86_64; rv:71.0) Gecko/20100101 Firefox/71.0"
146.190.237.148 - - [29/Aug/2022:11:05:50 +0000] "" 400 0 "-" "-"
45.61.186.139 - - [29/Aug/2022:11:06:45 +0000] "GET / HTTP/1.1" 301 169 "-" "Mozilla/5.0 (X11; Ubuntu; Linux x86_64; rv:97.0) Gecko/20100101 Firefox/97.0"
164.92.205.19 - - [29/Aug/2022:11:06:59 +0000] "POST /boaform/admin/formLogin HTTP/1.1" 301 169 "http://164.52.223.253:80/admin/login.asp" "Mozilla/5.0 (X11; Ubuntu; Linux x86_64; rv:71.0) Gecko/20100101 Firefox/71.0"
164.92.205.19 - - [29/Aug/2022:11:06:59 +0000] "" 400 0 "-" "-"
141.98.6.37 - - [29/Aug/2022:11:09:01 +0000] "GET / HTTP/1.1" 301 162 "-" "Mozilla/5.0 (X11; Ubuntu; Linux x86_64; rv:76.0) Gecko/20100101 Firefox/76.0"
188.166.23.123 - - [29/Aug/2022:11:10:01 +0000] "POST /boaform/admin/formLogin HTTP/1.1" 301 162 "http://164.52.223.253:80/admin/login.asp" "Mozilla/5.0 (X11; Ubuntu; Linux x86_64; rv:71.0) Gecko/20100101 Firefox/71.0"
188.166.23.123 - - [29/Aug/2022:11:10:02 +0000] "" 400 0 "-" "-"
45.61.186.139 - - [29/Aug/2022:11:11:19 +0000] "GET / HTTP/1.1" 301 162 "-" "Mozilla/5.0 (X11; Ubuntu; Linux x86_64; rv:97.0) Gecko/20100101 Firefox/97.0"
37.54.15.36 - - [29/Aug/2022:11:11:23 +0000] "GET / HTTP/1.1" 301 162 "-" "Mozilla/5.0 (Macintosh; Intel Mac OS X 10_11_6) AppleWebKit/601.7.7 (KHTML, like Gecko) Version/9.1.2 Safari/601.7.7"
45.61.186.139 - - [29/Aug/2022:11:14:28 +0000] "GET / HTTP/1.1" 301 162 "-" "Mozilla/5.0 (X11; Ubuntu; Linux x86_64; rv:97.0) Gecko/20100101 Firefox/97.0"
45.61.186.139 - - [29/Aug/2022:11:20:15 +0000] "GET / HTTP/1.1" 301 162 "-" "Mozilla/5.0 (X11; Ubuntu; Linux x86_64; rv:97.0) Gecko/20100101 Firefox/97.0"
146.190.237.148 - - [29/Aug/2022:11:23:46 +0000] "POST /boaform/admin/formLogin HTTP/1.1" 301 162 "http://164.52.223.253:80/admin/login.asp" "Mozilla/5.0 (X11; Ubuntu; Linux x86_64; rv:71.0) Gecko/20100101 Firefox/71.0"
146.190.237.148 - - [29/Aug/2022:11:23:48 +0000] "" 400 0 "-" "-"
74.82.47.2 - - [29/Aug/2022:11:25:57 +0000] "GET / HTTP/1.1" 301 162 "-" "-"
188.166.23.123 - - [29/Aug/2022:11:28:12 +0000] "POST /boaform/admin/formLogin HTTP/1.1" 301 162 "http://164.52.223.253:80/admin/login.asp" "Mozilla/5.0 (X11; Ubuntu; Linux x86_64; rv:71.0) Gecko/20100101 Firefox/71.0"
188.166.23.123 - - [29/Aug/2022:11:28:12 +0000] "" 400 0 "-" "-"
74.82.47.2 - - [29/Aug/2022:11:28:38 +0000] "GET / HTTP/1.1" 301 162 "-" "Mozilla/5.0 (Windows NT 10.0; Win64; x64) AppleWebKit/537.36 (KHTML, like Gecko) Chrome/104.0.0.0 Safari/537.36"
45.61.186.139 - - [29/Aug/2022:11:32:34 +0000] "GET / HTTP/1.1" 301 162 "-" "Mozilla/5.0 (X11; Ubuntu; Linux x86_64; rv:97.0) Gecko/20100101 Firefox/97.0"
